// Vitest Snapshot v1, https://vitest.dev/guide/snapshot.html

exports[`etlGoldenMaster > congela conteos y fingerprint ejecutivo en fixture S 1`] = `
{
  "anomalos": 0,
  "committeeAnomalias": 7,
  "committeeCompletos": 5,
  "committeeVariaciones": 0,
  "completos": 0,
  "deducidos": 1,
  "executiveFingerprint": "d139d2ef85a52bf7632adc2e4193af92fe2592cb1b95d0e9a934b60e89c8939e",
  "finalCircuitRowLines": 5,
  "incompletos": 4,
  "noEvaluables": 0,
}
`;

exports[`etlGoldenMaster > congela hash de cada CSV de salida en fixture S 1`] = `
{
  "alerts_operational": "adf3b85e1dc7df24",
  "camera_lpr_status": "1cb0d735dc38c762",
  "classified_circuits": "a14ba89c47133c02",
  "clean_journeys": "d4aa260e9e36debd",
  "debug_matrix_classification": "ea73d68b976c1749",
  "final_circuits": "ac0ef525d134a04d",
  "front_alerts": "4074406f458fa402",
  "front_events": "4eb36774ffbe5a77",
  "journey_merge_candidates": "ba5d2616b663b3e6",
  "lpr_merge_applied": "9ba737bb03914e32",
  "lpr_merge_candidates": "9ba737bb03914e32",
  "lpr_merge_review": "9ba737bb03914e32",
  "merge_candidates_debug": "ba5d2616b663b3e6",
  "plate_registry_excluded": "e3b0c44298fc1c14",
  "rear_alerts": "4074406f458fa402",
  "rear_events": "e7a065dad488384e",
  "rear_only_journeys_debug": "0bb7e7621193b50b",
  "transform_summary": "68523a4d297e2202",
  "unclassified_journeys": "db251c876ae717ae",
}
`;
